all 152 frames packed: 6045 (raw 7456); Harry 294

Biggest per-room sets (all eggs): packed, room, frames, raw, egg-1 packed
  room 120:   956 bytes packed,  2 frames, raw   956; egg 1: 956
  room 111:   854 bytes packed, 22 frames, raw   880; egg 1: 828
  room   2:   842 bytes packed,  5 frames, raw   842; egg 1: 842
  room   1:   815 bytes packed, 22 frames, raw  1012; egg 1: 815
  room  89:   708 bytes packed, 24 frames, raw  1040; egg 1: 473
  room  66:   691 bytes packed, 20 frames, raw  1112; egg 1: 235
  room  83:   561 bytes packed, 12 frames, raw   568; egg 1: 225
  room  92:   558 bytes packed, 16 frames, raw   568; egg 1: 532
  room   7:   539 bytes packed, 16 frames, raw   736; egg 1: 235
  room  69:   536 bytes packed, 20 frames, raw  1016; egg 1: 301
  room  44:   531 bytes packed, 12 frames, raw   584; egg 1: 327
  room  59:   493 bytes packed, 16 frames, raw   752; egg 1: 404
  room  39:   493 bytes packed, 16 frames, raw   752; egg 1: 493
  room  56:   484 bytes packed, 16 frames, raw   928; egg 1: 249
  room  27:   472 bytes packed, 12 frames, raw   742; egg 1: 404

mean 263, median 264, rooms with none 10
monsters and lifts only: biggest [(956, 120), (842, 2), (708, 89), (691, 66), (561, 83), (558, 92)]; strips packed 840
room + neighbours: biggest [(2045, 110), (1961, 1), (1938, 12), (1892, 69), (1854, 2), (1734, 66)]

Frames by size (packed alone), biggest 12:
  &3A:506, &39:450, &0B:194, &0A:194, &09:162, &08:162, &0C:130, &1C:98, &1B:98, &1A:98, &19:98, &28:66

frames that are a pure 2/4/6-pixel shift of another: 16 of 128
  their raw bytes: 976
  &0A<-&08>>4, &0F<-&0D>>4, &13<-&11>>4, &69<-&68>>2, &6A<-&68>>4, &6B<-&68>>6, &6D<-&6C>>2, &6E<-&6C>>4, &6F<-&6C>>6, &73<-&71>>4, &8B<-&8A>>4, &8D<-&8C>>4, &90<-&8E>>4, &91<-&8F>>4, &94<-&92>>4, &95<-&93>>4

monster groups packed 5226, zx02 apart 3698; strips 840 -> 422
  &00:235->199, &04:712->454, &0C:130->75, &0D:304->218, &15:248->181, &19:196->135, &1D:225->207, &21:204->135, &25:140->104, &29:404->335, &31:79->54, &35:68->50, &37:956->530, &3B:84->79, &3F:29->31, &43:31->29, &51:163->102, &54:46->40, &58:168->117, &60:26->27, &64:26->26, &68:249->193, &70:89->72, &78:26->28, &8A:52->55, &8E:336->222
